################################################################################
#                                                                              #
#      IAR Universal Linker V5.0.2.5/W32                                       #
#                                                                              #
#           Link time     =  25/Dec/2017  16:45:49                             #
#           Target CPU    =  x51                                               #
#           List file     =  C:\Users\L632\Desktop\CC2530_ex\mcu-kit1\ex_keypa #
#                            d_lcd\debug\List\keypad_lcd.map                   #
#           Output file 1 =  C:\Users\L632\Desktop\CC2530_ex\mcu-kit1\ex_keypa #
#                            d_lcd\debug\Exe\keypad_lcd.hex                    #
#                            Format: intel-extended                            #
#           Output file 2 =  C:\Users\L632\Desktop\CC2530_ex\mcu-kit1\ex_keypa #
#                            d_lcd\debug\Exe\keypad_lcd.d51                    #
#                            Format: debug                                     #
#                            UBROF version 10.0.3                              #
#                            Using library modules for C-SPY (-rt)             #
#           Command line  =  "-IC:\Program Files (x86)\IAR Systems\Embedded Wo #
#                            rkbench 6.0\8051\CONFIG\"                         #
#                            -D_NR_OF_BANKS=0x07 -D_CODEBANK_END=0xFFFF        #
#                            -D_CODEBANK_START=0x8000 -D?CBANK_MASK=0x07       #
#                            -D?CBANK=0x9F                                     #
#                            C:\Users\L632\Desktop\CC2530_ex\mcu-kit1\ex_keypa #
#                            d_lcd\debug\Obj\M270.r51                          #
#                            C:\Users\L632\Desktop\CC2530_ex\mcu-kit1\ex_keypa #
#                            d_lcd\debug\Obj\basic_rf.r51                      #
#                            C:\Users\L632\Desktop\CC2530_ex\mcu-kit1\ex_keypa #
#                            d_lcd\debug\Obj\basic_rf_security.r51             #
#                            C:\Users\L632\Desktop\CC2530_ex\mcu-kit1\ex_keypa #
#                            d_lcd\debug\Obj\hal_adc.r51                       #
#                            C:\Users\L632\Desktop\CC2530_ex\mcu-kit1\ex_keypa #
#                            d_lcd\debug\Obj\hal_board.r51                     #
#                            C:\Users\L632\Desktop\CC2530_ex\mcu-kit1\ex_keypa #
#                            d_lcd\debug\Obj\hal_buzzer.r51                    #
#                            C:\Users\L632\Desktop\CC2530_ex\mcu-kit1\ex_keypa #
#                            d_lcd\debug\Obj\hal_clock.r51                     #
#                            C:\Users\L632\Desktop\CC2530_ex\mcu-kit1\ex_keypa #
#                            d_lcd\debug\Obj\hal_digio.r51                     #
#                            C:\Users\L632\Desktop\CC2530_ex\mcu-kit1\ex_keypa #
#                            d_lcd\debug\Obj\hal_int.r51                       #
#                            C:\Users\L632\Desktop\CC2530_ex\mcu-kit1\ex_keypa #
#                            d_lcd\debug\Obj\hal_keypad.r51                    #
#                            C:\Users\L632\Desktop\CC2530_ex\mcu-kit1\ex_keypa #
#                            d_lcd\debug\Obj\hal_lcd.r51                       #
#                            C:\Users\L632\Desktop\CC2530_ex\mcu-kit1\ex_keypa #
#                            d_lcd\debug\Obj\hal_led.r51                       #
#                            C:\Users\L632\Desktop\CC2530_ex\mcu-kit1\ex_keypa #
#                            d_lcd\debug\Obj\hal_mcu.r51                       #
#                            C:\Users\L632\Desktop\CC2530_ex\mcu-kit1\ex_keypa #
#                            d_lcd\debug\Obj\hal_rf.r51                        #
#                            C:\Users\L632\Desktop\CC2530_ex\mcu-kit1\ex_keypa #
#                            d_lcd\debug\Obj\hal_rf_security.r51               #
#                            C:\Users\L632\Desktop\CC2530_ex\mcu-kit1\ex_keypa #
#                            d_lcd\debug\Obj\hal_rf_util.r51                   #
#                            C:\Users\L632\Desktop\CC2530_ex\mcu-kit1\ex_keypa #
#                            d_lcd\debug\Obj\hal_uart.r51                      #
#                            C:\Users\L632\Desktop\CC2530_ex\mcu-kit1\ex_keypa #
#                            d_lcd\debug\Obj\keypad_lcd.r51                    #
#                            C:\Users\L632\Desktop\CC2530_ex\mcu-kit1\ex_keypa #
#                            d_lcd\debug\Obj\util.r51                          #
#                            C:\Users\L632\Desktop\CC2530_ex\mcu-kit1\ex_keypa #
#                            d_lcd\debug\Obj\util_buffer.r51                   #
#                            C:\Users\L632\Desktop\CC2530_ex\mcu-kit1\ex_keypa #
#                            d_lcd\debug\Obj\util_lcd.r51                      #
#                            -o                                                #
#                            C:\Users\L632\Desktop\CC2530_ex\mcu-kit1\ex_keypa #
#                            d_lcd\debug\Exe\keypad_lcd.d51                    #
#                            -l                                                #
#                            C:\Users\L632\Desktop\CC2530_ex\mcu-kit1\ex_keypa #
#                            d_lcd\debug\List\keypad_lcd.map                   #
#                            -xmsn                                             #
#                            "-IC:\Program Files (x86)\IAR Systems\Embedded Wo #
#                            rkbench 6.0\8051\CONFIG\"                         #
#                            -f                                                #
#                            "C:\Program Files (x86)\IAR Systems\Embedded Work #
#                            bench 6.0\8051\config\devices\Texas Instruments\l #
#                            nk51ew_cc2530F256_banked.xcl"                     #
#                            (-D_IDATA0_START=0x00 -D_IDATA0_END=0xFF          #
#                            -D_PDATA0_START=0x1E00 -D_PDATA0_END=0x1EFF       #
#                            -D_IXDATA0_START=0x0001 -D_IXDATA0_END=0x1EFF     #
#                            -D_XDATA0_START=_IXDATA0_START                    #
#                            -D_XDATA0_END=_IXDATA0_END                        #
#                            -D_NEAR_CODE_START=0x0000                         #
#                            -D_FIRST_BANK_ADDR=0x10000 -D?REGISTER_BANK=0x0   #
#                            -D_REGISTER_BANK_START=0x0 -D_BREG_START=0x00     #
#                            -D?VB=0x20 -D?ESP=0x9B -Z(BIT)BREG=_BREG_START    #
#                            -Z(BIT)BIT_N=0-7F                                 #
#                            -Z(DATA)REGISTERS+8=_REGISTER_BANK_START          #
#                            -Z(DATA)BDATA_Z,BDATA_N,BDATA_I=20-2F             #
#                            -Z(DATA)VREG+_NR_OF_VIRTUAL_REGISTERS=08-7F       #
#                            -Z(DATA)PSP,XSP=08-7F -Z(DATA)DOVERLAY=08-7F      #
#                            -Z(DATA)DATA_I,DATA_Z,DATA_N=08-7F                #
#                            -U(IDATA)0-7F=(DATA)0-7F                          #
#                            -Z(IDATA)IDATA_I,IDATA_Z,IDATA_N=08-_IDATA0_END   #
#                            -Z(IDATA)ISTACK+_IDATA_STACK_SIZE#08-_IDATA0_END  #
#                            -Z(IDATA)IOVERLAY=08-FF -Z(CODE)INTVEC=0          #
#                            -Z(CODE)CSTART=_NEAR_CODE_START-(_CODEBANK_START- #
#                            1)                                                #
#                            -Z(CODE)BIT_ID,BDATA_ID,DATA_ID,IDATA_ID,IXDATA_I #
#                            D,PDATA_ID,XDATA_ID=_NEAR_CODE_START-(_CODEBANK_S #
#                            TART-1)                                           #
#                            -Z(CODE)BANK_RELAYS,RCODE,DIFUNCT,CODE_C,CODE_N,N #
#                            EAR_CODE=_NEAR_CODE_START-(_CODEBANK_START-1)     #
#                            -P(CODE)BANKED_CODE=_NEAR_CODE_START-(_CODEBANK_S #
#                            TART-1),[(_CODEBANK_START+_FIRST_BANK_ADDR)-(_COD #
#                            EBANK_END+_FIRST_BANK_ADDR)]*_NR_OF_BANKS+10000   #
#                            -Z(CODE)CHECKSUM#(_CODEBANK_START-1)              #
#                            -Z(XDATA)PDATA_Z,PDATA_I=_PDATA0_START-_PDATA0_EN #
#                            D                                                 #
#                            -P(XDATA)PDATA_N=_PDATA0_START-_PDATA0_END        #
#                            -Z(XDATA)PSTACK+_PDATA_STACK_SIZE=_PDATA0_START-_ #
#                            PDATA0_END                                        #
#                            -Z(XDATA)EXT_STACK+_EXTENDED_STACK_SIZE=_EXTENDED #
#                            _STACK_START                                      #
#                            -Z(XDATA)XSTACK+_XDATA_STACK_SIZE=_XDATA0_START-_ #
#                            XDATA0_END                                        #
#                            -Z(XDATA)IXDATA_Z,IXDATA_I=_IXDATA0_START-_IXDATA #
#                            0_END                                             #
#                            -P(XDATA)IXDATA_N=_IXDATA0_START-_IXDATA0_END     #
#                            -Z(XDATA)XDATA_Z,XDATA_I=_XDATA0_START-_XDATA0_EN #
#                            D                                                 #
#                            -P(XDATA)XDATA_N=_XDATA0_START-_XDATA0_END        #
#                            -Z(XDATA)XDATA_HEAP+_XDATA_HEAP_SIZE=_XDATA0_STAR #
#                            T-_XDATA0_END                                     #
#                            -Z(CONST)XDATA_ROM_C=_XDATA0_START-_XDATA0_END    #
#                            -cx51                                             #
#                            -M(CODE)[(_CODEBANK_START+_FIRST_BANK_ADDR)-(_COD #
#                            EBANK_END+_FIRST_BANK_ADDR)]*_NR_OF_BANKS+0x10000 #
#                            =0x8000                                           #
#                            -ww69=i -D_BANK0_START=0x00000                    #
#                            -D_BANK0_END=0x07FFF -D_BANK1_START=0x18000       #
#                            -D_BANK1_END=0x1FFFF -D_BANK2_START=0x28000       #
#                            -D_BANK2_END=0x2FFFF -D_BANK3_START=0x38000       #
#                            -D_BANK3_END=0x3FFFF -D_BANK4_START=0x48000       #
#                            -D_BANK4_END=0x4FFFF -D_BANK5_START=0x58000       #
#                            -D_BANK5_END=0x5FFFF -D_BANK6_START=0x68000       #
#                            -D_BANK6_END=0x6FFFF -D_BANK7_START=0x78000       #
#                            -D_BANK7_END=0x7FFFF                              #
#                            -P(CODE)BANK0=_BANK0_START-_BANK0_END             #
#                            -P(CODE)BANK1=_BANK1_START-_BANK1_END             #
#                            -P(CODE)BANK2=_BANK2_START-_BANK2_END             #
#                            -P(CODE)BANK3=_BANK3_START-_BANK3_END             #
#                            -P(CODE)BANK4=_BANK4_START-_BANK4_END             #
#                            -P(CODE)BANK5=_BANK5_START-_BANK5_END             #
#                            -P(CODE)BANK6=_BANK6_START-_BANK6_END             #
#                            -P(CODE)BANK7=_BANK7_START-_BANK7_END             #
#                            -D_FLASH_LOCK_BITS_START=0x7FFF0                  #
#                            -D_FLASH_LOCK_BITS_END=0x7FFFF                    #
#                            -Z(CODE)FLASH_LOCK_BITS=_FLASH_LOCK_BITS_START-_F #
#                            LASH_LOCK_BITS_END                                #
#                            -U(CODE)0x0000=(CODE)_FLASH_LOCK_BITS_START-_FLAS #
#                            H_LOCK_BITS_END)                                  #
#                            -e?BCALL_07=?BCALL -e?BRET_07=?BRET               #
#                            -e?BDISPATCH_07=?BDISPATCH                        #
#                            -D_NR_OF_VIRTUAL_REGISTERS=8 -D?PBANK=0xA0        #
#                            -e_medium_write=_formatted_write                  #
#                            -e_medium_read=_formatted_read -rt                #
#                            -Ointel-extended=C:\Users\L632\Desktop\CC2530_ex\ #
#                            mcu-kit1\ex_keypad_lcd\debug\Exe\keypad_lcd.hex   #
#                            -s __program_start                                #
#                            "C:\Program Files (x86)\IAR Systems\Embedded Work #
#                            bench 6.0\8051\LIB\CLIB\cl-pli-blxd-1e16x01.r51"  #
#                            -D_IDATA_STACK_SIZE=0x40                          #
#                            -D_EXTENDED_STACK_START=0x00                      #
#                            -D_EXTENDED_STACK_SIZE=0x00                       #
#                            -D_PDATA_STACK_SIZE=0x80                          #
#                            -D_XDATA_STACK_SIZE=0x100                         #
#                            -D_XDATA_HEAP_SIZE=0xFF -D_FAR_HEAP_SIZE=0xFFF    #
#                            -D_HUGE_HEAP_SIZE=0xFFF                           #
#                            -D_FAR22_HEAP_SIZE=0xFFF                          #
#                                                                              #
#                           Copyright (C) 1987-2010 IAR Systems AB.            #
################################################################################





                ****************************************
                *                                      *
                *           CROSS REFERENCE            *
                *                                      *
                ****************************************

       Program entry at : CODE      000000BA  Relocatable, from module : CSTARTUP




                ****************************************
                *                                      *
                *            RUNTIME MODEL             *
                *                                      *
                ****************************************

  __SystemLibrary          = CLib
  __calling_convention     = xdata_reentrant
  __code_model             = banked
  __core                   = plain
  __data_model             = large
  __dptr_size              = 16
  __extended_stack         = disabled
  __location_for_constants = data
  __number_of_dptrs        = 1
  __rt_version             = 1



                ****************************************
                *                                      *
                *              MODULE MAP              *
                *                                      *
                ****************************************


  DEFINED ABSOLUTE ENTRIES
    *************************************************************************

  DEFINED ABSOLUTE ENTRIES
  PROGRAM MODULE, NAME : ?ABS_ENTRY_MOD

Absolute parts
           ENTRY                   ADDRESS         REF BY
           =====                   =======         ======
           _FAR22_HEAP_SIZE        00000FFF 
           _HUGE_HEAP_SIZE         00000FFF 
           _FAR_HEAP_SIZE          00000FFF 
           _XDATA_HEAP_SIZE        000000FF 
           _XDATA_STACK_SIZE       00000100 
           _PDATA_STACK_SIZE       00000080 
           _EXTENDED_STACK_SIZE    00000000 
           _EXTENDED_STACK_START   00000000 
           _IDATA_STACK_SIZE       00000040 
           ?PBANK                  000000A0 
           _NR_OF_VIRTUAL_REGISTERS
                                   00000008 
           _FLASH_LOCK_BITS_END    0003FFFF 
           _FLASH_LOCK_BITS_START
                                   0003FFF0 
           _BANK7_END              0003FFFF 
           _BANK7_START            00038000 
           _BANK6_END              00037FFF 
           _BANK6_START            00030000 
           _BANK5_END              0002FFFF 
           _BANK5_START            00028000 
           _BANK4_END              00027FFF 
           _BANK4_START            00020000 
           _BANK3_END              0001FFFF 
           _BANK3_START            00018000 
           _BANK2_END              00017FFF 
           _BANK2_START            00010000 
           _BANK1_END              0000FFFF 
           _BANK1_START            00008000 
           _BANK0_END              00007FFF 
           _BANK0_START            00000000 
           ?ESP                    0000009B 
           ?VB                     00000020        ?BANKED_ENTER_XDATA (?BANKED_ENTER_XDATA)
                                                   ?BANKED_LEAVE_XDATA (?BANKED_LEAVE_XDATA)
                                                   ?INTERRUPT_ENTER_XSP (?INTERRUPT_ENTER_XSP)
                                                   ?INTERRUPT_LEAVE_XSP (?INTERRUPT_LEAVE_XSP)
           _BREG_START             00000000 
           _REGISTER_BANK_START    00000000 
           ?REGISTER_BANK          00000000        Segment part 6 (CSTARTUP)
           _FIRST_BANK_ADDR        00010000 
           _NEAR_CODE_START        00000000 
           _XDATA0_END             00001EFF 
           _XDATA0_START           00000001 
           _IXDATA0_END            00001EFF 
           _IXDATA0_START          00000001 
           _PDATA0_END             00001EFF 
           _PDATA0_START           00001E00 
           _IDATA0_END             000000FF 
           _IDATA0_START           00000000 
           ?CBANK                  0000009F        ?RESET_CODE_BANK (CSTARTUP)
                                                   Segment part 3 (?BANKED_CODE_SUPPORT)
           ?CBANK_MASK             00000007 
           _CODEBANK_START         00008000 
           _CODEBANK_END           0000FFFF 
           _NR_OF_BANKS            00000007 
    *************************************************************************

  FILE NAME : C:\Users\L632\Desktop\CC2530_ex\mcu-kit1\ex_keypad_lcd\debug\Obj\M270.r51
  PROGRAM MODULE, NAME : M270

  SEGMENTS IN THE MODULE
  ======================
SFR_AN
  Relative segment, address: DATA 00000080 - 00000080 (0x1 bytes), align: 0
  Segment part 1. ROOT.       Intra module refs:   M270_GetDI
                                                   M270_Init
                                                   M270_SetDO
                                                   T1_ISR (hal_buzzer)
                                                   halBoardInit (hal_board)
                                                   halBuzzerOff (hal_buzzer)
                                                   lcdControl (hal_lcd)
                                                   lcdWrite (hal_lcd)
                                                   main (keypad_lcd)
           ENTRY                   ADDRESS         REF BY
           =====                   =======         ======
           _A_P0                   00000080 
           LOCAL                   ADDRESS         
           =====                   =======         
           P0                      00000080 
    -------------------------------------------------------------------------
SFR_AN
  Relative segment, address: DATA 0000008F - 0000008F (0x1 bytes), align: 0
  Segment part 2. ROOT.       Intra module refs:   M270_Init
           ENTRY                   ADDRESS         REF BY
           =====                   =======         ======
           P0INP                   0000008F 
    -------------------------------------------------------------------------
SFR_AN
  Relative segment, address: DATA 000000F3 - 000000F3 (0x1 bytes), align: 0
  Segment part 3. ROOT.       Intra module refs:   M270_Init
                                                   halBoardInit (hal_board)
                                                   halUartInit (hal_uart)
           ENTRY                   ADDRESS         REF BY
           =====                   =======         ======
           P0SEL                   000000F3 
    -------------------------------------------------------------------------
SFR_AN
  Relative segment, address: DATA 000000F7 - 000000F7 (0x1 bytes), align: 0
  Segment part 4. ROOT.       Intra module refs:   M270_Init
                                                   halBoardInit (hal_board)
                                                   halKeypadI2cRead (hal_keypad)
           ENTRY                   ADDRESS         REF BY
           =====                   =======         ======
           P2INP                   000000F7 
    -------------------------------------------------------------------------
SFR_AN
  Relative segment, address: DATA 000000FD - 000000FD (0x1 bytes), align: 0
  Segment part 5. ROOT.       Intra module refs:   M270_Init
                                                   halBoardInit (hal_board)
                                                   halLcdInit (hal_lcd)
                                                   lcdControl (hal_lcd)
                                                   lcdWrite (hal_lcd)
           ENTRY                   ADDRESS         REF BY
           =====                   =======         ======
           P0DIR                   000000FD 
    -------------------------------------------------------------------------
<BANKED_CODE> 1 (was BANKED_CODE)
  Relative segment, address: CODE 00000C36 - 00000C5A (0x25 bytes), align: 0
  Segment part 11.            Intra module refs:   M270_Init::?relay
           ENTRY                   ADDRESS         REF BY
           =====                   =======         ======
           M270_Init               00000C36 
    -------------------------------------------------------------------------
<BANKED_CODE> 1 (was BANKED_CODE)
  Relative segment, address: CODE 00000C5B - 00000C66 (0xc bytes), align: 0
  Segment part 13.            Intra module refs:   M270_SetDO::?relay
           ENTRY                   ADDRESS         REF BY
           =====                   =======         ======
           M270_SetDO              00000C5B 
    -------------------------------------------------------------------------
<BANKED_CODE> 1 (was BANKED_CODE)
  Relative segment, address: CODE 00000C67 - 00000C78 (0x12 bytes), align: 0
  Segment part 15.            Intra module refs:   M270_GetDI::?relay
           ENTRY                   ADDRESS         REF BY
           =====                   =======         ======
           M270_GetDI              00000C67 
    -------------------------------------------------------------------------
BANK_RELAYS
  Relative segment, address: CODE 00000119 - 0000011E (0x6 bytes), align: 0
  Segment part 12.
           ENTRY                   ADDRESS         REF BY
           =====                   =======         ======
           M270_Init::?relay       00000119        main (keypad_lcd)
    -------------------------------------------------------------------------
BANK_RELAYS
  Relative segment, address: CODE 0000011F - 00000124 (0x6 bytes), align: 0
  Segment part 14.
           ENTRY                   ADDRESS         REF BY
           =====                   =======         ======
           M270_SetDO::?relay      0000011F        main (keypad_lcd)
    -------------------------------------------------------------------------
BANK_RELAYS
  Relative segment, address: CODE 00000125 - 0000012A (0x6 bytes), align: 0
  Segment part 16.
           ENTRY                   ADDRESS         REF BY
           =====                   =======         ======
           M270_GetDI::?relay      00000125        main (keypad_lcd)

    *************************************************************************

  FILE NAME : C:\Users\L632\Desktop\CC2530_ex\mcu-kit1\ex_keypad_lcd\debug\Obj\basic_rf.r51
    *************************************************************************

  FILE NAME : C:\Users\L632\Desktop\CC2530_ex\mcu-kit1\ex_keypad_lcd\debug\Obj\basic_rf_security.r51
    *************************************************************************

  FILE NAME : C:\Users\L632\Desktop\CC2530_ex\mcu-kit1\ex_keypad_lcd\debug\Obj\hal_adc.r51
  PROGRAM MODULE, NAME : hal_adc

  SEGMENTS IN THE MODULE
  ======================
SFR_AN
  Relative segment, address: DATA 00000088 - 00000088 (0x1 bytes), align: 0
  Segment part 1. ROOT.
           ENTRY                   ADDRESS         REF BY
           =====                   =======         ======
           _A_TCON                 00000088 
           LOCAL                   ADDRESS         
           =====                   =======         
           TCON                    00000088 
    -------------------------------------------------------------------------
SFR_AN
  Relative segment, address: DATA 000000B6 - 000000B6 (0x1 bytes), align: 0
  Segment part 2. ROOT.
           ENTRY                   ADDRESS         REF BY
           =====                   =======         ======
           ADCCON3                 000000B6 
    -------------------------------------------------------------------------
SFR_AN
  Relative segment, address: DATA 000000BA - 000000BA (0x1 bytes), align: 0
  Segment part 3. ROOT.
           ENTRY                   ADDRESS         REF BY
           =====                   =======         ======
           ADCL                    000000BA 
    -------------------------------------------------------------------------
SFR_AN
  Relative segment, address: DATA 000000BB - 000000BB (0x1 bytes), align: 0
  Segment part 4. ROOT.
           ENTRY                   ADDRESS         REF BY
           =====                   =======         ======
           ADCH                    000000BB 
    -------------------------------------------------------------------------
SFR_AN
  Relative segment, address: DATA 000000F2 - 000000F2 (0x1 bytes), align: 0
  Segment part 5. ROOT.       Intra module refs:   halUartInit (hal_uart)
           ENTRY                   ADDRESS         REF BY
           =====                   =======         ======
           ADCCFG                  000000F2 

    *************************************************************************

  FILE NAME : C:\Users\L632\Desktop\CC2530_ex\mcu-kit1\ex_keypad_lcd\debug\Obj\hal_board.r51
  PROGRAM MODULE, NAME : hal_board

  SEGMENTS IN THE MODULE
  ======================
SFR_AN
  Relative segment, address: DATA 00000090 - 00000090 (0x1 bytes), align: 0
  Segment part 2. ROOT.       Intra module refs:   halBoardInit
                                                   halLedSet (hal_led)
                                                   lcdControl (hal_lcd)
                                                   lcdWrite (hal_lcd)
           ENTRY                   ADDRESS         REF BY
           =====                   =======         ======
           _A_P1                   00000090 
           LOCAL                   ADDRESS         
           =====                   =======         
           P1                      00000090 
    -------------------------------------------------------------------------
SFR_AN
  Relative segment, address: DATA 000000A0 - 000000A0 (0x1 bytes), align: 0
  Segment part 3. ROOT.       Intra module refs:   halBoardInit
                                                   halKeypadI2cAck (hal_keypad)
                                                   halKeypadI2cNack (hal_keypad)
                                                   halKeypadI2cRead (hal_keypad)
                                                   halKeypadI2cStart (hal_keypad)
                                                   halKeypadI2cStop (hal_keypad)
                                                   halKeypadI2cWrite (hal_keypad)
                                                   halLcdInit (hal_lcd)
                                                   lcdControl (hal_lcd)
                                                   lcdWrite (hal_lcd)
           ENTRY                   ADDRESS         REF BY
           =====                   =======         ======
           _A_P2                   000000A0 
           LOCAL                   ADDRESS         
           =====                   =======         
           P2                      000000A0 
    -------------------------------------------------------------------------
SFR_AN
  Relative segment, address: DATA 000000F4 - 000000F4 (0x1 bytes), align: 0
  Segment part 5. ROOT.       Intra module refs:   halBoardInit
           ENTRY                   ADDRESS         REF BY
           =====                   =======         ======
           P1SEL                   000000F4 
    -------------------------------------------------------------------------
SFR_AN
  Relative segment, address: DATA 000000F5 - 000000F5 (0x1 bytes), align: 0
  Segment part 6. ROOT.       Intra module refs:   halBoardInit
                                                   halKeypadI2cRead (hal_keypad)
           ENTRY                   ADDRESS         REF BY
           =====                   =======         ======
           P2SEL                   000000F5 
    -------------------------------------------------------------------------
SFR_AN
  Relative segment, address: DATA 000000FE - 000000FE (0x1 bytes), align: 0
  Segment part 9. ROOT.       Intra module refs:   halBoardInit
           ENTRY                   ADDRESS         REF BY
           =====                   =======         ======
           P1DIR                   000000FE 
    -------------------------------------------------------------------------
SFR_AN
  Relative segment, address: DATA 000000FF - 000000FF (0x1 bytes), align: 0
  Segment part 10. ROOT.      Intra module refs:   halBoardInit
                                                   halKeypadI2cRead (hal_keypad)
           ENTRY                   ADDRESS         REF BY
           =====                   =======         ======
           P2DIR                   000000FF 
    -------------------------------------------------------------------------
XDATA_Z
  Relative segment, address: XDATA 00000101 - 00000101 (0x1 bytes), align: 0
  Segment part 18.            Intra module refs:   halBoardInit
           ENTRY                   ADDRESS         REF BY
           =====                   =======         ======
           pLedData                00000101        ?Subroutine0 (hal_lcd)
                                                   ?Subroutine0 (hal_led)
                                                   halLedSet (hal_led)
    -------------------------------------------------------------------------
<BANKED_CODE> 1 (was BANKED_CODE)
  Relative segment, address: CODE 00000BD3 - 00000C35 (0x63 bytes), align: 0
  Segment part 19.            Intra module refs:   halBoardInit::?relay
           ENTRY                   ADDRESS         REF BY
           =====                   =======         ======
           halBoardInit            00000BD3 
               calls direct
               ISTACK = 00000000 ( 00000002 )
    -------------------------------------------------------------------------
BANK_RELAYS
  Relative segment, address: CODE 0000012B - 00000130 (0x6 bytes), align: 0
  Segment part 20.
           ENTRY                   ADDRESS         REF BY
           =====                   =======         ======
           halBoardInit::?relay    0000012B        main (keypad_lcd)

    *************************************************************************

  FILE NAME : C:\Users\L632\Desktop\CC2530_ex\mcu-kit1\ex_keypad_lcd\debug\Obj\hal_buzzer.r51
  PROGRAM MODULE, NAME : hal_buzzer

  SEGMENTS IN THE MODULE
  ======================
SFR_AN
  Relative segment, address: DATA 000000B8 - 000000B8 (0x1 bytes), align: 0
  Segment part 2. ROOT.       Intra module refs:   halBuzzerInit
                                                   halBuzzerOff
                                                   halBuzzerOn
           ENTRY                   ADDRESS         REF BY
           =====                   =======         ======
           _A_IEN1                 000000B8 
           LOCAL                   ADDRESS         
           =====                   =======         
           IEN1                    000000B8 
    -------------------------------------------------------------------------
SFR_AN
  Relative segment, address: DATA 000000DA - 000000DA (0x1 bytes), align: 0
  Segment part 3. ROOT.       Intra module refs:   halBuzzerInit
                                                   halBuzzerOn
           ENTRY                   ADDRESS         REF BY
           =====                   =======         ======
           T1CC0L                  000000DA 
    -------------------------------------------------------------------------
SFR_AN
  Relative segment, address: DATA 000000DB - 000000DB (0x1 bytes), align: 0
  Segment part 4. ROOT.       Intra module refs:   halBuzzerInit
                                                   halBuzzerOn
           ENTRY                   ADDRESS         REF BY
           =====                   =======         ======
           T1CC0H                  000000DB 
    -------------------------------------------------------------------------
SFR_AN
  Relative segment, address: DATA 000000E2 - 000000E2 (0x1 bytes), align: 0
  Segment part 5. ROOT.       Intra module refs:   halBuzzerOn
           ENTRY                   ADDRESS         REF BY
           =====                   =======         ======
           T1CNTL                  000000E2 
    -------------------------------------------------------------------------
SFR_AN
  Relative segment, address: DATA 000000E4 - 000000E4 (0x1 bytes), align: 0
  Segment part 6. ROOT.       Intra module refs:   halBuzzerInit
                                                   halBuzzerOff
                                                   halBuzzerOn
           ENTRY                   ADDRESS         REF BY
           =====                   =======         ======
           T1CTL                   000000E4 
    -------------------------------------------------------------------------
SFR_AN
  Relative segment, address: DATA 000000E5 - 000000E5 (0x1 bytes), align: 0
  Segment part 7. ROOT.       Intra module refs:   halBuzzerInit
           ENTRY                   ADDRESS         REF BY
           =====                   =======         ======
           T1CCTL0                 000000E5 
    -------------------------------------------------------------------------
<BANKED_CODE> 1 (was BANKED_CODE)
  Relative segment, address: CODE 00000A21 - 00000A5A (0x3a bytes), align: 0
  Segment part 14.            Intra module refs:   halBuzzerInit::?relay
           ENTRY                   ADDRESS         REF BY
           =====                   =======         ======
           halBuzzerInit           00000A21 
               XSTACK = 00000000 ( 00000010 )
    -------------------------------------------------------------------------
<BANKED_CODE> 1 (was BANKED_CODE)
  Relative segment, address: CODE 00000A5B - 00000A5F (0x5 bytes), align: 0
  Segment part 16.            Intra module refs:   halBuzzerInit
                                                   halBuzzerOn
           LOCAL                   ADDRESS         
           =====                   =======         
           ?Subroutine0            00000A5B 
    -------------------------------------------------------------------------
<BANKED_CODE> 1 (was BANKED_CODE)
  Relative segment, address: CODE 00000A60 - 00000A95 (0x36 bytes), align: 0
  Segment part 17.            Intra module refs:   halBuzzerOn::?relay
           ENTRY                   ADDRESS         REF BY
           =====                   =======         ======
           halBuzzerOn             00000A60 
               XSTACK = 00000000 ( 00000010 )
    -------------------------------------------------------------------------
<BANKED_CODE> 1 (was BANKED_CODE)
  Relative segment, address: CODE 00000A96 - 00000A9F (0xa bytes), align: 0
  Segment part 19.            Intra module refs:   halBuzzerOff::?relay
           ENTRY                   ADDRESS         REF BY
           =====                   =======         ======
           halBuzzerOff            00000A96 
    -------------------------------------------------------------------------
NEAR_CODE
  Relative segment, address: CODE 000004E4 - 000004E7 (0x4 bytes), align: 0
  Segment part 23.            Intra module refs:   T1_ISR::??INTVEC 75
           ENTRY                   ADDRESS         REF BY
           =====                   =======         ======
           T1_ISR                  000004E4 
               interrupt function
               ISTACK = 00000000 ( 00000001 )
    -------------------------------------------------------------------------
INTVEC
  Common segment, address: CODE 00000000 - 0000004D (0x4e bytes), align: 0
  Segment part 8. ROOT.
           ENTRY                   ADDRESS         REF BY
           =====                   =======         ======
           T1_ISR::??INTVEC 75     0000004B 
    -------------------------------------------------------------------------
BANK_RELAYS
  Relative segment, address: CODE 00000131 - 00000136 (0x6 bytes), align: 0
  Segment part 15.
           ENTRY                   ADDRESS         REF BY
           =====                   =======         ======
           halBuzzerInit::?relay   00000131        halBoardInit (hal_board)
    -------------------------------------------------------------------------
BANK_RELAYS
  Relative segment, address: CODE 00000137 - 0000013C (0x6 bytes), align: 0
  Segment part 18.
           ENTRY                   ADDRESS         REF BY
           =====                   =======         ======
           halBuzzerOn::?relay     00000137        halKeypadPushed (hal_keypad)
    -------------------------------------------------------------------------
BANK_RELAYS
  Relative segment, address: CODE 0000013D - 00000142 (0x6 bytes), align: 0
  Segment part 20.
           ENTRY                   ADDRESS         REF BY
           =====                   =======         ======
           halBuzzerOff::?relay    0000013D        halKeypadPushed (hal_keypad)

    *************************************************************************

  FILE NAME : C:\Users\L632\Desktop\CC2530_ex\mcu-kit1\ex_keypad_lcd\debug\Obj\hal_clock.r51
  PROGRAM MODULE, NAME : hal_clock

  SEGMENTS IN THE MODULE
  ======================
SFR_AN
  Relative segment, address: DATA 0000009D - 0000009D (0x1 bytes), align: 0
  Segment part 1. ROOT.       Intra module refs:   clockSetMainSrc
           ENTRY                   ADDRESS         REF BY
           =====                   =======         ======
           SLEEPSTA                0000009D 
    -------------------------------------------------------------------------
SFR_AN
  Relative segment, address: DATA 0000009E - 0000009E (0x1 bytes), align: 0
  Segment part 2. ROOT.       Intra module refs:   clockSetMainSrc
           ENTRY                   ADDRESS         REF BY
           =====                   =======         ======
           CLKCONSTA               0000009E 
    -------------------------------------------------------------------------
SFR_AN
  Relative segment, address: DATA 000000BE - 000000BE (0x1 bytes), align: 0
  Segment part 3. ROOT.       Intra module refs:   clockSetMainSrc
           ENTRY                   ADDRESS         REF BY
           =====                   =======         ======
           SLEEPCMD                000000BE 
    -------------------------------------------------------------------------
SFR_AN
  Relative segment, address: DATA 000000C6 - 000000C6 (0x1 bytes), align: 0
  Segment part 4. ROOT.       Intra module refs:   clockSetMainSrc
           ENTRY                   ADDRESS         REF BY
           =====                   =======         ======
           CLKCONCMD               000000C6 
    -------------------------------------------------------------------------
<BANKED_CODE> 1 (was BANKED_CODE)
  Relative segment, address: CODE 00000CB9 - 00000CEC (0x34 bytes), align: 0
  Segment part 10.            Intra module refs:   clockSetMainSrc::?relay
           ENTRY                   ADDRESS         REF BY
           =====                   =======         ======
           clockSetMainSrc         00000CB9 
    -------------------------------------------------------------------------
BANK_RELAYS
  Relative segment, address: CODE 00000143 - 00000148 (0x6 bytes), align: 0
  Segment part 11.
           ENTRY                   ADDRESS         REF BY
           =====                   =======         ======
           clockSetMainSrc::?relay
                                   00000143        halMcuInit (hal_mcu)

    *************************************************************************

  FILE NAME : C:\Users\L632\Desktop\CC2530_ex\mcu-kit1\ex_keypad_lcd\debug\Obj\hal_digio.r51
  PROGRAM MODULE, NAME : hal_digio

  SEGMENTS IN THE MODULE
  ======================
SFR_AN
  Relative segment, address: DATA 00000089 - 00000089 (0x1 bytes), align: 0
  Segment part 2. ROOT.       Intra module refs:   port0_ISR
           ENTRY                   ADDRESS         REF BY
           =====                   =======         ======
           P0IFG                   00000089 
    -------------------------------------------------------------------------
SFR_AN
  Relative segment, address: DATA 0000008A - 0000008A (0x1 bytes), align: 0
  Segment part 3. ROOT.       Intra module refs:   port1_ISR
           ENTRY                   ADDRESS         REF BY
           =====                   =======         ======
           P1IFG                   0000008A 
    -------------------------------------------------------------------------
SFR_AN
  Relative segment, address: DATA 0000008B - 0000008B (0x1 bytes), align: 0
  Segment part 4. ROOT.       Intra module refs:   port2_ISR
           ENTRY                   ADDRESS         REF BY
           =====                   =======         ======
           P2IFG                   0000008B 
    -------------------------------------------------------------------------
SFR_AN
  Relative segment, address: DATA 0000008C - 0000008C (0x1 bytes), align: 0
  Segment part 5. ROOT.
           ENTRY                   ADDRESS         REF BY
           =====                   =======         ======
           PICTL                   0000008C 
    -------------------------------------------------------------------------
SFR_AN
  Relative segment, address: DATA 0000008D - 0000008D (0x1 bytes), align: 0
  Segment part 6. ROOT.
           ENTRY                   ADDRESS         REF BY
           =====                   =======         ======
           P1IEN                   0000008D 
    -------------------------------------------------------------------------
SFR_AN
  Relative segment, address: DATA 0000009A - 0000009A (0x1 bytes), align: 0
  Segment part 8. ROOT.       Intra module refs:   halUart0TxIsr (hal_uart)
           ENTRY                   ADDRESS         REF BY
           =====                   =======         ======
           IEN2                    0000009A 
    -------------------------------------------------------------------------
SFR_AN
  Relative segment, address: DATA 000000A8 - 000000A8 (0x1 bytes), align: 0
  Segment part 10. ROOT.      Intra module refs:   halIntOn (hal_int)
                                                   halUartInit (hal_uart)
                                                   rfIsr (hal_rf)
           ENTRY                   ADDRESS         REF BY
           =====                   =======         ======
           _A_IEN0                 000000A8 
           LOCAL                   ADDRESS         
           =====                   =======         
           IEN0                    000000A8 
    -------------------------------------------------------------------------
SFR_AN
  Relative segment, address: DATA 000000AB - 000000AB (0x1 bytes), align: 0
  Segment part 11. ROOT.
           ENTRY                   ADDRESS         REF BY
           =====                   =======         ======
           P0IEN                   000000AB 
    -------------------------------------------------------------------------
SFR_AN
  Relative segment, address: DATA 000000AC - 000000AC (0x1 bytes), align: 0
  Segment part 12. ROOT.
           ENTRY                   ADDRESS         REF BY
           =====                   =======         ======
           P2IEN                   000000AC 
    -------------------------------------------------------------------------
SFR_AN
  Relative segment, address: DATA 000000C0 - 000000C0 (0x1 bytes), align: 0
  Segment part 14. ROOT.      Intra module refs:   port0_ISR
           ENTRY                   ADDRESS         REF BY
           =====                   =======         ======
           _A_IRCON                000000C0 
           LOCAL                   ADDRESS         
           =====                   =======         
           IRCON                   000000C0 
    -------------------------------------------------------------------------
SFR_AN
  Relative segment, address: DATA 000000E8 - 000000E8 (0x1 bytes), align: 0
  Segment part 15. ROOT.      Intra module refs:   halUart0TxIsr (hal_uart)
                                                   port1_ISR
                                                   port2_ISR
           ENTRY                   ADDRESS         REF BY
           =====                   =======         ======
           _A_IRCON2               000000E8 
           LOCAL                   ADDRESS         
           =====                   =======         
           IRCON2                  000000E8 
    -------------------------------------------------------------------------
XDATA_Z
  Relative segment, address: XDATA 00000102 - 00000111 (0x10 bytes), align: 0
  Segment part 30.            Intra module refs:   port0_ISR
           LOCAL                   ADDRESS         
           =====                   =======         
           port0_isr_tbl           00000102 
    -------------------------------------------------------------------------
XDATA_Z
  Relative segment, address: XDATA 00000112 - 00000121 (0x10 bytes), align: 0
  Segment part 31.            Intra module refs:   port1_ISR
           LOCAL                   ADDRESS         
           =====                   =======         
           port1_isr_tbl           00000112 
    -------------------------------------------------------------------------
XDATA_Z
  Relative segment, address: XDATA 00000122 - 0000012B (0xa bytes), align: 0
  Segment part 32.            Intra module refs:   port2_ISR
           LOCAL                   ADDRESS         
           =====                   =======         
           port2_isr_tbl           00000122 
    -------------------------------------------------------------------------
NEAR_CODE
  Relative segment, address: CODE 000004E8 - 0000053B (0x54 bytes), align: 0
  Segment part 55.            Intra module refs:   port0_ISR::??INTVEC 107
           ENTRY                   ADDRESS         REF BY
           =====                   =======         ======
           port0_ISR               000004E8 
               interrupt function
               XSTACK = 00000000 ( 0000000F )
    -------------------------------------------------------------------------
NEAR_CODE
  Relative segment, address: CODE 0000053C - 00000540 (0x5 bytes), align: 0
  Segment part 56.            Intra module refs:   port0_ISR
                                                   port1_ISR
                                                   port2_ISR
           LOCAL                   ADDRESS         
           =====                   =======         
           ?Subroutine1            0000053C 
    -------------------------------------------------------------------------
NEAR_CODE
  Relative segment, address: CODE 00000541 - 00000596 (0x56 bytes), align: 0
  Segment part 57.            Intra module refs:   port1_ISR::??INTVEC 123
           ENTRY                   ADDRESS         REF BY
           =====                   =======         ======
           port1_ISR               00000541 
               interrupt function
               XSTACK = 00000000 ( 0000000F )
    -------------------------------------------------------------------------
NEAR_CODE
  Relative segment, address: CODE 00000597 - 000005A1 (0xb bytes), align: 0
  Segment part 58.            Intra module refs:   port0_ISR
                                                   port1_ISR
                                                   port2_ISR
           LOCAL                   ADDRESS         
           =====                   =======         
           ?Subroutine4            00000597 
    -------------------------------------------------------------------------
NEAR_CODE
  Relative segment, address: CODE 000005A2 - 000005AD (0xc bytes), align: 0
  Segment part 59.            Intra module refs:   port0_ISR
                                                   port1_ISR
                                                   port2_ISR
           LOCAL                   ADDRESS         
           =====                   =======         
           ?Subroutine3            000005A2 
    -------------------------------------------------------------------------
NEAR_CODE
  Relative segment, address: CODE 000005AE - 00000604 (0x57 bytes), align: 0
  Segment part 60.            Intra module refs:   port2_ISR::??INTVEC 51
           ENTRY                   ADDRESS         REF BY
           =====                   =======         ======
           port2_ISR               000005AE 
               interrupt function
               XSTACK = 00000000 ( 0000000F )
    -------------------------------------------------------------------------
INTVEC
  Common segment, address: CODE 00000000 - 00000035 (0x36 bytes), align: 0
  Segment part 22. ROOT.
           ENTRY                   ADDRESS         REF BY
           =====                   =======         ======
           port2_ISR::??INTVEC 51
                                   00000033 
    -------------------------------------------------------------------------
INTVEC
  Common segment, address: CODE 00000000 - 0000006D (0x6e bytes), align: 0
  Segment part 23. ROOT.
           ENTRY                   ADDRESS         REF BY
           =====                   =======         ======
           port0_ISR::??INTVEC 107
                                   0000006B 
    -------------------------------------------------------------------------
INTVEC
  Common segment, address: CODE 00000000 - 0000007D (0x7e bytes), align: 0
  Segment part 24. ROOT.
           ENTRY                   ADDRESS         REF BY
           =====                   =======         ======
           port1_ISR::??INTVEC 123
                                   0000007B 

    *************************************************************************

  FILE NAME : C:\Users\L632\Desktop\CC2530_ex\mcu-kit1\ex_keypad_lcd\debug\Obj\hal_int.r51
  PROGRAM MODULE, NAME : hal_int

  SEGMENTS IN THE MODULE
  ======================
<BANKED_CODE> 1 (was BANKED_CODE)
  Relative segment, address: CODE 00000CED - 00000CF1 (0x5 bytes), align: 0
  Segment part 7.             Intra module refs:   halIntOn::?relay
           ENTRY                   ADDRESS         REF BY
           =====                   =======         ======
           halIntOn                00000CED 
    -------------------------------------------------------------------------
BANK_RELAYS
  Relative segment, address: CODE 00000149 - 0000014E (0x6 bytes), align: 0
  Segment part 8.
           ENTRY                   ADDRESS         REF BY
           =====                   =======         ======
           halIntOn::?relay        00000149        halBoardInit (hal_board)

    *************************************************************************

  FILE NAME : C:\Users\L632\Desktop\CC2530_ex\mcu-kit1\ex_keypad_lcd\debug\Obj\hal_keypad.r51
  PROGRAM MODULE, NAME : hal_keypad

  SEGMENTS IN THE MODULE
  ======================
XDATA_Z
  Relative segment, address: XDATA 0000012C - 0000012C (0x1 bytes), align: 0
  Segment part 10.            Intra module refs:   halKeypadPushed
           ENTRY                   ADDRESS         REF BY
           =====                   =======         ======
           halKeypadResetCount     0000012C 
    -------------------------------------------------------------------------
<BANKED_CODE> 1 (was BANKED_CODE)
  Relative segment, address: CODE 000006DE - 000006F0 (0x13 bytes), align: 0
  Segment part 11.            Intra module refs:   halKeypadI2cStart::?relay
           ENTRY                   ADDRESS         REF BY
           =====                   =======         ======
           halKeypadI2cStart       000006DE 
               calls direct
               XSTACK = 0000000A ( 00000000 )
               ISTACK = 00000000 ( 00000002 )
    -------------------------------------------------------------------------
<BANKED_CODE> 1 (was BANKED_CODE)
  Relative segment, address: CODE 000006F1 - 000006F2 (0x2 bytes), align: 0
  Segment part 13.            Intra module refs:   halKeypadI2cAck
                                                   halKeypadI2cNack
           LOCAL                   ADDRESS         
           =====                   =======         
           ?Subroutine0            000006F1 
    -------------------------------------------------------------------------
<BANKED_CODE> 1 (was BANKED_CODE)
  Relative segment, address: CODE 000006F3 - 000006FB (0x9 bytes), align: 0
  Segment part 14.            Intra module refs:   ?Subroutine0
                                                   halKeypadI2cStart
    -------------------------------------------------------------------------
<BANKED_CODE> 1 (was BANKED_CODE)
  Relative segment, address: CODE 000006FC - 00000702 (0x7 bytes), align: 0
  Segment part 15.            Intra module refs:   Segment part 14
                                                   halKeypadI2cStop
    -------------------------------------------------------------------------
<BANKED_CODE> 1 (was BANKED_CODE)
  Relative segment, address: CODE 00000703 - 00000709 (0x7 bytes), align: 0
  Segment part 16.            Intra module refs:   Segment part 15
                                                   halKeypadInit
    -------------------------------------------------------------------------
<BANKED_CODE> 1 (was BANKED_CODE)
  Relative segment, address: CODE 0000070A - 00000723 (0x1a bytes), align: 0
  Segment part 17.            Intra module refs:   halKeypadI2cStop::?relay
           ENTRY                   ADDRESS         REF BY
           =====                   =======         ======
           halKeypadI2cStop        0000070A 
               calls direct
               XSTACK = 0000000A ( 00000000 )
               ISTACK = 00000000 ( 00000002 )
    -------------------------------------------------------------------------
<BANKED_CODE> 1 (was BANKED_CODE)
  Relative segment, address: CODE 00000724 - 0000072B (0x8 bytes), align: 0
  Segment part 19.            Intra module refs:   halKeypadI2cAck::?relay
           ENTRY                   ADDRESS         REF BY
           =====                   =======         ======
           halKeypadI2cAck         00000724 
               calls direct
               XSTACK = 0000000A ( 00000000 )
               ISTACK = 00000000 ( 00000002 )
    -------------------------------------------------------------------------
<BANKED_CODE> 1 (was BANKED_CODE)
  Relative segment, address: CODE 0000072C - 00000733 (0x8 bytes), align: 0
  Segment part 21.            Intra module refs:   halKeypadI2cNack::?relay
           ENTRY                   ADDRESS         REF BY
           =====                   =======         ======
           halKeypadI2cNack        0000072C 
               calls direct
               XSTACK = 0000000A ( 00000000 )
               ISTACK = 00000000 ( 00000002 )
    -------------------------------------------------------------------------
<BANKED_CODE> 1 (was BANKED_CODE)
  Relative segment, address: CODE 00000734 - 00000755 (0x22 bytes), align: 0
  Segment part 23.            Intra module refs:   halKeypadI2cWrite::?relay
           ENTRY                   ADDRESS         REF BY
           =====                   =======         ======
           halKeypadI2cWrite       00000734 
               calls direct
               XSTACK = 0000000A ( 00000009 )
    -------------------------------------------------------------------------
<BANKED_CODE> 1 (was BANKED_CODE)
  Relative segment, address: CODE 00000756 - 00000757 (0x2 bytes), align: 0
  Segment part 25.            Intra module refs:   halKeypadI2cRead
           LOCAL                   ADDRESS         
           =====                   =======         
           ?Subroutine1            00000756 
    -------------------------------------------------------------------------
<BANKED_CODE> 1 (was BANKED_CODE)
  Relative segment, address: CODE 00000758 - 0000075C (0x5 bytes), align: 0
  Segment part 26.            Intra module refs:   ?Subroutine1
                                                   halKeypadI2cWrite
                                                   halKeypadWriteRegister
    -------------------------------------------------------------------------
<BANKED_CODE> 1 (was BANKED_CODE)
  Relative segment, address: CODE 0000075D - 00000798 (0x3c bytes), align: 0
  Segment part 27.            Intra module refs:   halKeypadI2cRead::?relay
           ENTRY                   ADDRESS         REF BY
           =====                   =======         ======
           halKeypadI2cRead        0000075D 
               calls direct
               XSTACK = 0000000A ( 00000009 )
    -------------------------------------------------------------------------
<BANKED_CODE> 1 (was BANKED_CODE)
  Relative segment, address: CODE 00000799 - 000007A9 (0x11 bytes), align: 0
  Segment part 29.            Intra module refs:   halKeypadI2cRead
                                                   halKeypadI2cWrite
           LOCAL                   ADDRESS         
           =====                   =======         
           ?Subroutine5            00000799 
    -------------------------------------------------------------------------
<BANKED_CODE> 1 (was BANKED_CODE)
  Relative segment, address: CODE 000007AA - 000007BF (0x16 bytes), align: 0
  Segment part 30.            Intra module refs:   halKeypadWriteRegister::?relay
           ENTRY                   ADDRESS         REF BY
           =====                   =======         ======
           halKeypadWriteRegister
                                   000007AA 
               calls direct
               XSTACK = 0000000A ( 00000009 )
    -------------------------------------------------------------------------
<BANKED_CODE> 1 (was BANKED_CODE)
  Relative segment, address: CODE 000007C0 - 000007D2 (0x13 bytes), align: 0
  Segment part 34.            Intra module refs:   halKeypadWriteRegister
           LOCAL                   ADDRESS         
           =====                   =======         
           ?Subroutine3            000007C0 
    -------------------------------------------------------------------------
<BANKED_CODE> 1 (was BANKED_CODE)
  Relative segment, address: CODE 000007D3 - 000007FF (0x2d bytes), align: 0
  Segment part 35.            Intra module refs:   halKeypadSensorData::?relay
           ENTRY                   ADDRESS         REF BY
           =====                   =======         ======
           halKeypadSensorData     000007D3 
               calls direct
               XSTACK = 0000000A ( 0000000A )
    -------------------------------------------------------------------------
<BANKED_CODE> 1 (was BANKED_CODE)
  Relative segment, address: CODE 00000800 - 00000804 (0x5 bytes), align: 0
  Segment part 37.            Intra module refs:   halKeypadPushed
                                                   halKeypadSensorData
           LOCAL                   ADDRESS         
           =====                   =======         
           ?Subroutine2            00000800 
    -------------------------------------------------------------------------
<BANKED_CODE> 1 (was BANKED_CODE)
  Relative segment, address: CODE 00000805 - 00000808 (0x4 bytes), align: 0
  Segment part 38.            Intra module refs:   halKeypadSensorData
                                                   halKeypadWriteRegister
           LOCAL                   ADDRESS         
           =====                   =======         
           ?Subroutine6            00000805 
    -------------------------------------------------------------------------
<BANKED_CODE> 1 (was BANKED_CODE)
  Relative segment, address: CODE 00000809 - 0000080F (0x7 bytes), align: 0
  Segment part 39.            Intra module refs:   ?Subroutine3
                                                   ?Subroutine4
                                                   ?Subroutine6
           LOCAL                   ADDRESS         
           =====                   =======         
           ?Subroutine7            00000809 
    -------------------------------------------------------------------------
<BANKED_CODE> 1 (was BANKED_CODE)
  Relative segment, address: CODE 00000810 - 00000820 (0x11 bytes), align: 0
  Segment part 40.            Intra module refs:   halKeypadSensorData
           LOCAL                   ADDRESS         
           =====                   =======         
           ?Subroutine4            00000810 
    -------------------------------------------------------------------------
<BANKED_CODE> 1 (was BANKED_CODE)
  Relative segment, address: CODE 00000821 - 00000858 (0x38 bytes), align: 0
  Segment part 41.            Intra module refs:   halKeypadInit::?relay
           ENTRY                   ADDRESS         REF BY
           =====                   =======         ======
           halKeypadInit           00000821 
               calls direct
               ISTACK = 00000000 ( 00000002 )
    -------------------------------------------------------------------------
<BANKED_CODE> 1 (was BANKED_CODE)
  Relative segment, address: CODE 00000859 - 0000093D (0xe5 bytes), align: 0
  Segment part 43.            Intra module refs:   halKeypadPushed::?relay
           ENTRY                   ADDRESS         REF BY
           =====                   =======         ======
           halKeypadPushed         00000859 
               calls direct
               XSTACK = 00000000 ( 0000000A )
    -------------------------------------------------------------------------
BANK_RELAYS
  Relative segment, address: CODE 0000014F - 00000154 (0x6 bytes), align: 0
  Segment part 12.            Intra module refs:   ?Subroutine3
                                                   ?Subroutine4
                                                   halKeypadSensorData
           ENTRY                   ADDRESS         REF BY
           =====                   =======         ======
           halKeypadI2cStart::?relay
                                   0000014F 
    -------------------------------------------------------------------------
BANK_RELAYS
  Relative segment, address: CODE 00000155 - 0000015A (0x6 bytes), align: 0
  Segment part 18.            Intra module refs:   ?Subroutine4
                                                   halKeypadSensorData
                                                   halKeypadWriteRegister
           ENTRY                   ADDRESS         REF BY
           =====                   =======         ======
           halKeypadI2cStop::?relay
                                   00000155 
    -------------------------------------------------------------------------
BANK_RELAYS
  Relative segment, address: CODE 0000015B - 00000160 (0x6 bytes), align: 0
  Segment part 20.            Intra module refs:   ?Subroutine7
                                                   halKeypadSensorData
           ENTRY                   ADDRESS         REF BY
           =====                   =======         ======
           halKeypadI2cAck::?relay
                                   0000015B 
    -------------------------------------------------------------------------
BANK_RELAYS
  Relative segment, address: CODE 00000161 - 00000166 (0x6 bytes), align: 0
  Segment part 22.            Intra module refs:   halKeypadSensorData
           ENTRY                   ADDRESS         REF BY
           =====                   =======         ======
           halKeypadI2cNack::?relay
                                   00000161 
    -------------------------------------------------------------------------
BANK_RELAYS
  Relative segment, address: CODE 00000167 - 0000016C (0x6 bytes), align: 0
  Segment part 24.            Intra module refs:   ?Subroutine7
           ENTRY                   ADDRESS         REF BY
           =====                   =======         ======
           halKeypadI2cWrite::?relay
                                   00000167 
    -------------------------------------------------------------------------
BANK_RELAYS
  Relative segment, address: CODE 0000016D - 00000172 (0x6 bytes), align: 0
  Segment part 28.            Intra module refs:   ?Subroutine4
                                                   halKeypadSensorData
           ENTRY                   ADDRESS         REF BY
           =====                   =======         ======
           halKeypadI2cRead::?relay
                                   0000016D 
    -------------------------------------------------------------------------
BANK_RELAYS
  Relative segment, address: CODE 00000173 - 00000178 (0x6 bytes), align: 0
  Segment part 31.            Intra module refs:   halKeypadInit
                                                   halKeypadPushed
           ENTRY                   ADDRESS         REF BY
           =====                   =======         ======
           halKeypadWriteRegister::?relay
                                   00000173 
    -------------------------------------------------------------------------
BANK_RELAYS
  Relative segment, address: CODE 00000179 - 0000017E (0x6 bytes), align: 0
  Segment part 36.            Intra module refs:   halKeypadPushed
           ENTRY                   ADDRESS         REF BY
           =====                   =======         ======
           halKeypadSensorData::?relay
                                   00000179 
    -------------------------------------------------------------------------
BANK_RELAYS
  Relative segment, address: CODE 0000017F - 00000184 (0x6 bytes), align: 0
  Segment part 42.
           ENTRY                   ADDRESS         REF BY
           =====                   =======         ======
           halKeypadInit::?relay   0000017F        halBoardInit (hal_board)
    -------------------------------------------------------------------------
BANK_RELAYS
  Relative segment, address: CODE 00000185 - 0000018A (0x6 bytes), align: 0
  Segment part 44.
           ENTRY                   ADDRESS         REF BY
           =====                   =======         ======
           halKeypadPushed::?relay
                                   00000185        main (keypad_lcd)

    *************************************************************************

  FILE NAME : C:\Users\L632\Desktop\CC2530_ex\mcu-kit1\ex_keypad_lcd\debug\Obj\hal_lcd.r51
  PROGRAM MODULE, NAME : hal_lcd

  SEGMENTS IN THE MODULE
  ======================
<BANKED_CODE> 1 (was BANKED_CODE)
  Relative segment, address: CODE 0000093E - 0000094C (0xf bytes), align: 0
  Segment part 13.            Intra module refs:   lcdControl::?relay
           LOCAL                   ADDRESS         
           =====                   =======         
           lcdControl              0000093E 
               calls direct
               XSTACK = 0000000A ( 00000009 )
    -------------------------------------------------------------------------
<BANKED_CODE> 1 (was BANKED_CODE)
  Relative segment, address: CODE 0000094D - 0000095B (0xf bytes), align: 0
  Segment part 15.            Intra module refs:   lcdWrite::?relay
           LOCAL                   ADDRESS         
           =====                   =======         
           lcdWrite                0000094D 
               calls direct
               XSTACK = 00000009 ( 00000009 )
    -------------------------------------------------------------------------
<BANKED_CODE> 1 (was BANKED_CODE)
  Relative segment, address: CODE 0000095C - 00000997 (0x3c bytes), align: 0
  Segment part 21.            Intra module refs:   halLcdInit::?relay
           ENTRY                   ADDRESS         REF BY
           =====                   =======         ======
           halLcdInit              0000095C 
               calls direct
               ISTACK = 00000000 ( 00000002 )
    -------------------------------------------------------------------------
<BANKED_CODE> 1 (was BANKED_CODE)
  Relative segment, address: CODE 00000998 - 00000999 (0x2 bytes), align: 0
  Segment part 23.            Intra module refs:   halLcdInit
           LOCAL                   ADDRESS         
           =====                   =======         
           ?Subroutine6            00000998 
    -------------------------------------------------------------------------
<BANKED_CODE> 1 (was BANKED_CODE)
  Relative segment, address: CODE 0000099A - 0000099D (0x4 bytes), align: 0
  Segment part 24.            Intra module refs:   ?Subroutine6
                                                   halLcdInit
    -------------------------------------------------------------------------
<BANKED_CODE> 1 (was BANKED_CODE)
  Relative segment, address: CODE 0000099E - 000009A8 (0xb bytes), align: 0
  Segment part 25.            Intra module refs:   halLcdInit
           LOCAL                   ADDRESS         
           =====                   =======         
           ?Subroutine5            0000099E 
    -------------------------------------------------------------------------
<BANKED_CODE> 1 (was BANKED_CODE)
  Relative segment, address: CODE 000009A9 - 000009B3 (0xb bytes), align: 0
  Segment part 26.            Intra module refs:   ?Subroutine5
                                                   Segment part 24
           LOCAL                   ADDRESS         
           =====                   =======         
           ?Subroutine17           000009A9 
    -------------------------------------------------------------------------
<BANKED_CODE> 1 (was BANKED_CODE)
  Relative segment, address: CODE 000009B4 - 000009CD (0x1a bytes), align: 0
  Segment part 29.            Intra module refs:   lcdControl
                                                   lcdWrite
           LOCAL                   ADDRESS         
           =====                   =======         
           ?Subroutine0            000009B4 
    -------------------------------------------------------------------------
<BANKED_CODE> 1 (was BANKED_CODE)
  Relative segment, address: CODE 000009CE - 000009D2 (0x5 bytes), align: 0
  Segment part 30.            Intra module refs:   ?Subroutine0
                                                   halLcdClear
                                                   halLcdWriteChar
    -------------------------------------------------------------------------
<BANKED_CODE> 1 (was BANKED_CODE)
  Relative segment, address: CODE 000009D3 - 000009F9 (0x27 bytes), align: 0
  Segment part 31.            Intra module refs:   halLcdClear::?relay
           ENTRY                   ADDRESS         REF BY
           =====                   =======         ======
           halLcdClear             000009D3 
               calls direct
               XSTACK = 00000000 ( 00000009 )
    -------------------------------------------------------------------------
<BANKED_CODE> 1 (was BANKED_CODE)
  Relative segment, address: CODE 000009FA - 00000A20 (0x27 bytes), align: 0
  Segment part 37.            Intra module refs:   halLcdWriteChar::?relay
           ENTRY                   ADDRESS         REF BY
           =====                   =======         ======
           halLcdWriteChar         000009FA 
               calls direct
               XSTACK = 0000000F ( 00000009 )
    -------------------------------------------------------------------------
BANK_RELAYS
  Relative segment, address: CODE 0000018B - 00000190 (0x6 bytes), align: 0
  Segment part 14.            Intra module refs:   ?Subroutine17
                                                   halLcdClear
                                                   halLcdInit
                                                   halLcdWriteChar
           LOCAL                   ADDRESS         
           =====                   =======         
           lcdControl::?relay      0000018B 
    -------------------------------------------------------------------------
BANK_RELAYS
  Relative segment, address: CODE 00000191 - 00000196 (0x6 bytes), align: 0
  Segment part 16.            Intra module refs:   halLcdClear
                                                   halLcdWriteChar
           LOCAL                   ADDRESS         
           =====                   =======         
           lcdWrite::?relay        00000191 
    -------------------------------------------------------------------------
BANK_RELAYS
  Relative segment, address: CODE 00000197 - 0000019C (0x6 bytes), align: 0
  Segment part 22.
           ENTRY                   ADDRESS         REF BY
           =====                   =======         ======
           halLcdInit::?relay      00000197        halBoardInit (hal_board)
    -------------------------------------------------------------------------
BANK_RELAYS
  Relative segment, address: CODE 0000019D - 000001A2 (0x6 bytes), align: 0
  Segment part 32.            Intra module refs:   halLcdInit
           ENTRY                   ADDRESS         REF BY
           =====                   =======         ======
           halLcdClear::?relay     0000019D 
    -------------------------------------------------------------------------
BANK_RELAYS
  Relative segment, address: CODE 000001A3 - 000001A8 (0x6 bytes), align: 0
  Segment part 38.
           ENTRY                   ADDRESS         REF BY
           =====                   =======         ======
           halLcdWriteChar::?relay
                                   000001A3        main (keypad_lcd)

    *************************************************************************

  FILE NAME : C:\Users\L632\Desktop\CC2530_ex\mcu-kit1\ex_keypad_lcd\debug\Obj\hal_led.r51
  PROGRAM MODULE, NAME : hal_led

  SEGMENTS IN THE MODULE
  ======================
<BANKED_CODE> 1 (was BANKED_CODE)
  Relative segment, address: CODE 00000AA0 - 00000AFD (0x5e bytes), align: 0
  Segment part 7.             Intra module refs:   halLedSet::?relay
           ENTRY                   ADDRESS         REF BY
           =====                   =======         ======
           halLedSet               00000AA0 
               ISTACK = 00000000 ( 00000002 )
    -------------------------------------------------------------------------
<BANKED_CODE> 1 (was BANKED_CODE)
  Relative segment, address: CODE 00000AFE - 00000B0A (0xd bytes), align: 0
  Segment part 9.             Intra module refs:   halLedSet
           LOCAL                   ADDRESS         
           =====                   =======         
           ?Subroutine0            00000AFE 
    -------------------------------------------------------------------------
BANK_RELAYS
  Relative segment, address: CODE 000001A9 - 000001AE (0x6 bytes), align: 0
  Segment part 8.
           ENTRY                   ADDRESS         REF BY
           =====                   =======         ======
           halLedSet::?relay       000001A9        main (keypad_lcd)

    *************************************************************************

  FILE NAME : C:\Users\L632\Desktop\CC2530_ex\mcu-kit1\ex_keypad_lcd\debug\Obj\hal_mcu.r51
  PROGRAM MODULE, NAME : hal_mcu

  SEGMENTS IN THE MODULE
  ======================
SFR_AN
  Relative segment, address: DATA 000000C9 - 000000C9 (0x1 bytes), align: 0
  Segment part 1. ROOT.
           ENTRY                   ADDRESS         REF BY
           =====                   =======         ======
           WDCTL                   000000C9 
    -------------------------------------------------------------------------
<BANKED_CODE> 1 (was BANKED_CODE)
  Relative segment, address: CODE 00000B70 - 00000B7F (0x10 bytes), align: 0
  Segment part 9.             Intra module refs:   halMcuInit::?relay
           ENTRY                   ADDRESS         REF BY
           =====                   =======         ======
           halMcuInit              00000B70 
               calls direct
               ISTACK = 00000000 ( 00000002 )
    -------------------------------------------------------------------------
<BANKED_CODE> 1 (was BANKED_CODE)
  Relative segment, address: CODE 00000B80 - 00000BAB (0x2c bytes), align: 0
  Segment part 11.            Intra module refs:   halMcuWaitUs::?relay
           ENTRY                   ADDRESS         REF BY
           =====                   =======         ======
           halMcuWaitUs            00000B80 
               XSTACK = 00000009 ( 00000000 )
    -------------------------------------------------------------------------
<BANKED_CODE> 1 (was BANKED_CODE)
  Relative segment, address: CODE 00000BAC - 00000BD2 (0x27 bytes), align: 0
  Segment part 13.            Intra module refs:   halMcuWaitMs::?relay
           ENTRY                   ADDRESS         REF BY
           =====                   =======         ======
           halMcuWaitMs            00000BAC 
               calls direct
               XSTACK = 00000000 ( 00000009 )
    -------------------------------------------------------------------------
BANK_RELAYS
  Relative segment, address: CODE 000001AF - 000001B4 (0x6 bytes), align: 0
  Segment part 10.
           ENTRY                   ADDRESS         REF BY
           =====                   =======         ======
           halMcuInit::?relay      000001AF        halBoardInit (hal_board)
    -------------------------------------------------------------------------
BANK_RELAYS
  Relative segment, address: CODE 000001B5 - 000001BA (0x6 bytes), align: 0
  Segment part 12.            Intra module refs:   halMcuWaitMs
           ENTRY                   ADDRESS         REF BY
           =====                   =======         ======
           halMcuWaitUs::?relay    000001B5        ?Subroutine0 (hal_lcd)
                                                   ?Subroutine5 (hal_keypad)
                                                   Segment part 14 (hal_keypad)
                                                   Segment part 15 (hal_keypad)
                                                   halKeypadI2cRead (hal_keypad)
                                                   halKeypadI2cStart (hal_keypad)
                                                   halKeypadI2cStop (hal_keypad)
    -------------------------------------------------------------------------
BANK_RELAYS
  Relative segment, address: CODE 000001BB - 000001C0 (0x6 bytes), align: 0
  Segment part 14.
[...]

    -------------------------------------------------------------------------
  LIBRARY MODULE, NAME : ?BANKED_CODE_SUPPORT

  SEGMENTS IN THE MODULE
  ======================
CSTART
  Relative segment, address: CODE 000000CC - 00000115 (0x4a bytes), align: 0
  Segment part 3.
           ENTRY                   ADDRESS         REF BY
           =====                   =======         ======
           ?BCALL_07               000000CC        ?call_main (?cmain)
           ?BRET_07                000000E2        ?BANKED_LEAVE_XDATA (?BANKED_LEAVE_XDATA)
                                                   ?Subroutine0 (hal_led)
                                                   ?Subroutine0 (hal_uart)
                                                   M270_GetDI (M270)
                                                   M270_Init (M270)
                                                   M270_SetDO (M270)
                                                   Segment part 16 (hal_keypad)
                                                   clockSetMainSrc (hal_clock)
                                                   halBoardInit (hal_board)
                                                   halBuzzerOff (hal_buzzer)
                                                   halIntOn (hal_int)
                                                   halLcdInit (hal_lcd)
                                                   halMcuInit (hal_mcu)
                                                   halMcuWaitUs (hal_mcu)
           ?BDISPATCH_07           000000EF        M270_GetDI::?relay (M270)
                                                   M270_Init::?relay (M270)
                                                   M270_SetDO::?relay (M270)
                                                   clockSetMainSrc::?relay (hal_clock)
                                                   halBoardInit::?relay (hal_board)
                                                   halBuzzerInit::?relay (hal_buzzer)
                                                   halBuzzerOff::?relay (hal_buzzer)
                                                   halBuzzerOn::?relay (hal_buzzer)
                                                   halIntOn::?relay (hal_int)
                                                   halKeypadI2cAck::?relay (hal_keypad)
                                                   halKeypadI2cNack::?relay (hal_keypad)
                                                   halKeypadI2cRead::?relay (hal_keypad)
                                                   halKeypadI2cStart::?relay (hal_keypad)
                                                   halKeypadI2cStop::?relay (hal_keypad)
                                                   halKeypadI2cWrite::?relay (hal_keypad)
                                                   halKeypadInit::?relay (hal_keypad)
                                                   halKeypadPushed::?relay (hal_keypad)
                                                   halKeypadSensorData::?relay (hal_keypad)
                                                   halKeypadWriteRegister::?relay (hal_keypad)
                                                   halLcdClear::?relay (hal_lcd)
                                                   halLcdInit::?relay (hal_lcd)
                                                   halLcdWriteChar::?relay (hal_lcd)
                                                   halLedSet::?relay (hal_led)
                                                   halMcuInit::?relay (hal_mcu)
                                                   halMcuWaitMs::?relay (hal_mcu)
                                                   halMcuWaitUs::?relay (hal_mcu)
                                                   halUartInit::?relay (hal_uart)
                                                   lcdControl::?relay (hal_lcd)
                                                   lcdWrite::?relay (hal_lcd)

    -------------------------------------------------------------------------
  LIBRARY MODULE, NAME : ?UL_DIV_MOD

  SEGMENTS IN THE MODULE
  ======================
RCODE
  Relative segment, address: CODE 000001C7 - 00000236 (0x70 bytes), align: 0
  Segment part 1.
           ENTRY                   ADDRESS         REF BY
           =====                   =======         ======
           ?UL_DIV_MOD             000001C7        ?L_DIV_MOD (?L_DIV_MOD)

    -------------------------------------------------------------------------
  LIBRARY MODULE, NAME : ?L_DIV_MOD

  SEGMENTS IN THE MODULE
  ======================
RCODE
  Relative segment, address: CODE 00000237 - 0000028D (0x57 bytes), align: 0
  Segment part 0.
           ENTRY                   ADDRESS         REF BY
           =====                   =======         ======
           ?L_DIV_MOD              00000261        halBuzzerInit (hal_buzzer)
                                                   halBuzzerOn (hal_buzzer)

    -------------------------------------------------------------------------
  LIBRARY MODULE, NAME : ?L_NEG_R1

  SEGMENTS IN THE MODULE
  ======================
RCODE
  Relative segment, address: CODE 0000028E - 0000029E (0x11 bytes), align: 0
  Segment part 1.
           ENTRY                   ADDRESS         REF BY
           =====                   =======         ======
           ?L_NEG_R1               0000028E        ?L_DIV_MOD (?L_DIV_MOD)

    -------------------------------------------------------------------------
  LIBRARY MODULE, NAME : ?L_NEG

  SEGMENTS IN THE MODULE
  ======================
RCODE
  Relative segment, address: CODE 0000029F - 000002AF (0x11 bytes), align: 0
  Segment part 1.
           ENTRY                   ADDRESS         REF BY
           =====                   =======         ======
           ?L_NEG                  0000029F        ?L_DIV_MOD (?L_DIV_MOD)

    -------------------------------------------------------------------------
  LIBRARY MODULE, NAME : ?S_SHL

  SEGMENTS IN THE MODULE
  ======================
RCODE
  Relative segment, address: CODE 000002B0 - 000002B2 (0x3 bytes), align: 0
  Segment part 0.
           ENTRY                   ADDRESS         REF BY
           =====                   =======         ======
           ?S_SHL                  000002B0        port0_ISR (hal_digio)
                                                   port1_ISR (hal_digio)
                                                   port2_ISR (hal_digio)
    -------------------------------------------------------------------------
RCODE
  Relative segment, address: CODE 000002B3 - 000002B5 (0x3 bytes), align: 0
  Segment part 1.             Intra module refs:   Segment part 2
           ENTRY                   ADDRESS         REF BY
           =====                   =======         ======
           ?S_SHL_REW              000002B3 
    -------------------------------------------------------------------------
RCODE
  Relative segment, address: CODE 000002B6 - 000002C2 (0xd bytes), align: 0
  Segment part 2.             Intra module refs:   ?S_SHL
                                                   ?S_SHL_REW

    -------------------------------------------------------------------------
  LIBRARY MODULE, NAME : ?CALL_IND

  SEGMENTS IN THE MODULE
  ======================
RCODE
  Relative segment, address: CODE 000002C3 - 000002C4 (0x2 bytes), align: 0
  Segment part 0.
           ENTRY                   ADDRESS         REF BY
           =====                   =======         ======
           ?CALL_IND               000002C3        port0_ISR (hal_digio)
                                                   port1_ISR (hal_digio)
                                                   port2_ISR (hal_digio)
                                                   rfIsr (hal_rf)

    -------------------------------------------------------------------------
  LIBRARY MODULE, NAME : ?BANKED_ENTER_XDATA

  SEGMENTS IN THE MODULE
  ======================
RCODE
  Relative segment, address: CODE 000002C5 - 00000330 (0x6c bytes), align: 0
  Segment part 1.
           ENTRY                   ADDRESS         REF BY
           =====                   =======         ======
           ?BANKED_ENTER_XDATA     000002C5        halBuzzerInit (hal_buzzer)
                                                   halBuzzerOn (hal_buzzer)
                                                   halKeypadI2cRead (hal_keypad)
                                                   halKeypadI2cWrite (hal_keypad)
                                                   halKeypadPushed (hal_keypad)
                                                   halKeypadSensorData (hal_keypad)
                                                   halKeypadWriteRegister (hal_keypad)
                                                   halLcdClear (hal_lcd)
                                                   halLcdWriteChar (hal_lcd)
                                                   halMcuWaitMs (hal_mcu)
                                                   lcdControl (hal_lcd)
                                                   lcdWrite (hal_lcd)

    -------------------------------------------------------------------------
  LIBRARY MODULE, NAME : ?BANKED_LEAVE_XDATA

  SEGMENTS IN THE MODULE
  ======================
RCODE
  Relative segment, address: CODE 00000331 - 00000376 (0x46 bytes), align: 0
  Segment part 1.
           ENTRY                   ADDRESS         REF BY
           =====                   =======         ======
           ?BANKED_LEAVE_XDATA     00000331        ?Subroutine0 (hal_buzzer)
                                                   ?Subroutine2 (hal_keypad)
                                                   Segment part 26 (hal_keypad)
                                                   Segment part 30 (hal_lcd)
                                                   halMcuWaitMs (hal_mcu)

    -------------------------------------------------------------------------
  LIBRARY MODULE, NAME : ?INTERRUPT_ENTER_XSP

  SEGMENTS IN THE MODULE
  ======================
RCODE
  Relative segment, address: CODE 00000377 - 000003D5 (0x5f bytes), align: 0
  Segment part 1.
           ENTRY                   ADDRESS         REF BY
           =====                   =======         ======
           ?INTERRUPT_ENTER_XSP    00000377        port0_ISR (hal_digio)
                                                   port1_ISR (hal_digio)
                                                   port2_ISR (hal_digio)
                                                   rfIsr (hal_rf)

    -------------------------------------------------------------------------
  LIBRARY MODULE, NAME : ?INTERRUPT_LEAVE_XSP

  SEGMENTS IN THE MODULE
  ======================
RCODE
  Relative segment, address: CODE 000003D6 - 0000042D (0x58 bytes), align: 0
  Segment part 1.
           ENTRY                   ADDRESS         REF BY
           =====                   =======         ======
           ?INTERRUPT_LEAVE_XSP    000003D6        ?Subroutine1 (hal_digio)
                                                   rfIsr (hal_rf)

    -------------------------------------------------------------------------
  LIBRARY MODULE, NAME : ?US_SWITCH_SPARSE

  SEGMENTS IN THE MODULE
  ======================
RCODE
  Relative segment, address: CODE 0000042E - 00000437 (0xa bytes), align: 0
  Segment part 0.
           ENTRY                   ADDRESS         REF BY
           =====                   =======         ======
           ?US_SWITCH_SPARSE       0000042E        halKeypadPushed (hal_keypad)
    -------------------------------------------------------------------------
RCODE
  Relative segment, address: CODE 00000438 - 00000478 (0x41 bytes), align: 0
  Segment part 2.             Intra module refs:   ?US_SWITCH_SPARSE
           ENTRY                   ADDRESS         REF BY
           =====                   =======         ======
           ?US_SWITCH_SPARSE_LEAVE
                                   0000046A        ?US_JMP_IF_IN_RANGE (?US_JMP_IF_IN_RANGE)
                                                   ?US_JMP_IF_VALUE (?US_JMP_IF_VALUE)
    -------------------------------------------------------------------------
RCODE
  Relative segment, address: CODE 00000479 - 00000479 (0x1 bytes), align: 0
  Segment part 4.             Intra module refs:   ?US_SWITCH_SPARSE

    -------------------------------------------------------------------------
  LIBRARY MODULE, NAME : ?US_JMP_IF_IN_RANGE

  SEGMENTS IN THE MODULE
  ======================
RCODE
  Relative segment, address: CODE 0000047A - 000004B8 (0x3f bytes), align: 0
  Segment part 0.
           ENTRY                   ADDRESS         REF BY
           =====                   =======         ======
           ?US_JMP_IF_IN_RANGE     0000047A        ?US_SWITCH_SPARSE_LEAVE (?US_SWITCH_SPARSE)

    -------------------------------------------------------------------------
  LIBRARY MODULE, NAME : ?US_JMP_IF_VALUE

  SEGMENTS IN THE MODULE
  ======================
RCODE
  Relative segment, address: CODE 000004B9 - 000004E3 (0x2b bytes), align: 0
  Segment part 0.
           ENTRY                   ADDRESS         REF BY
           =====                   =======         ======
           ?US_JMP_IF_VALUE        000004B9        ?US_SWITCH_SPARSE_LEAVE (?US_SWITCH_SPARSE)

    -------------------------------------------------------------------------
  LIBRARY MODULE, NAME : ?low_level_init

  SEGMENTS IN THE MODULE
  ======================
CSTART
  Relative segment, address: CODE 00000116 - 00000118 (0x3 bytes), align: 0
  Segment part 6. ROOT.
           ENTRY                   ADDRESS         REF BY
           =====                   =======         ======
           __low_level_init        00000116        __low_level_init_call (?cmain)




                ****************************************
                *                                      *
                *            MODULE SUMMARY            *
                *                                      *
                ****************************************

Module                 CODE      DATA      XDATA  IDATA    BIT
------                 ----      ----      -----  -----    ---
                      (Rel)  (Rel)  (Abs)  (Rel)  (Rel)  (Rel)
?BANKED_CODE_SUPPORT     74
?BANKED_ENTER_XDATA     108
?BANKED_LEAVE_XDATA      70
?CALL_IND                 2
?INTERRUPT_ENTER_XSP     95
?INTERRUPT_LEAVE_XSP     88
?L_DIV_MOD               87
?L_NEG                   17
?L_NEG_R1                17
?S_SHL                   19
?UL_DIV_MOD             112
?US_JMP_IF_IN_RANGE      63
?US_JMP_IF_VALUE         43
?US_SWITCH_SPARSE        76
?cexit                    5
?cmain                   47
?low_level_init           3
CSTARTUP                 18
  + common                3
M270                     85             1
  + shared                              4
VIRTUAL_REGISTERS                2                           8
hal_adc                                 4
  + shared                              1
hal_board               105                    1
  + shared                              6
hal_buzzer              149             5
  + shared               78             1
  + common
hal_clock                58             4
hal_digio               285             8     42
  + shared              126             3
  + common
hal_int                  11
hal_keypad              668                    1
hal_lcd                 257
hal_led                 113
hal_mcu                 117             1
hal_rf                   56             5      2
  + common              134
hal_rf_security                         3
hal_uart                231             7    262
  + common               62
keypad_lcd              101
N/A (command line)              16           256     64
N/A (alignment)
----------            -----     --     --    ---     --      -
Total:                3 180     18     53    564     64      8
  + common              134


                ****************************************
                *                                      *
                *      SEGMENTS IN ADDRESS ORDER       *
                *                                      *
                ****************************************


SEGMENT              SPACE    START ADDRESS   END ADDRESS     SIZE  TYPE  ALIGN
=======              =====    =============   ===========     ====  ====  =====
INTVEC               CODE          00000000 - 00000085          86   com    0
CSTART               CODE          00000086 - 00000118          93   rel    0
BANK_RELAYS          CODE          00000119 - 000001C6          AE   rel    0
RCODE                CODE          000001C7 - 000004E3         31D   rel    0
CODE_N               CODE               000004E4                     dse    0
DIFUNCT              CODE               000004E4                     dse    0
CODE_C               CODE               000004E4                     dse    0
NEAR_CODE            CODE          000004E4 - 000006DD         1FA   rel    0
<BANKED_CODE> 1      CODE          000006DE - 00000CF1         614   rel    0
REGISTERS            DATA          00000000 - 00000007           8   rel    0
VREG                 DATA          00000008 - 0000000F           8   rel    0
PSP                  DATA               00000010                     dse    0
XSP                  DATA          00000010 - 00000011           2   rel    0
BREG                 BIT        00000020.0  -  00000020.7        8   rel    0
SFR_AN               DATA          00000080 - 00000080           1   rel    0
                     DATA          00000086 - 00000086           1 
                     DATA          00000088 - 0000008D           6 
                     DATA          0000008F - 00000091           3 
                     DATA          00000095 - 00000095           1 
                     DATA          0000009A - 0000009B           2 
                     DATA          0000009D - 0000009E           2 
                     DATA          000000A0 - 000000A0           1 
                     DATA          000000A8 - 000000A8           1 
                     DATA          000000AB - 000000AC           2 
                     DATA          000000B1 - 000000B3           3 
                     DATA          000000B6 - 000000B6           1 
                     DATA          000000B8 - 000000B8           1 
                     DATA          000000BA - 000000BB           2 
                     DATA          000000BE - 000000BE           1 
                     DATA          000000C0 - 000000C2           3 
                     DATA          000000C4 - 000000C6           3 
                     DATA          000000C9 - 000000C9           1 
                     DATA          000000D9 - 000000DB           3 
                     DATA          000000E1 - 000000E2           2 
                     DATA          000000E4 - 000000E5           2 
                     DATA          000000E8 - 000000E9           2 
                     DATA          000000F1 - 000000F5           5 
                     DATA          000000F7 - 000000F7           1 
                     DATA          000000FD - 000000FF           3 
XSTACK               XDATA         00000001 - 00000100         100   rel    0
XDATA_Z              XDATA         00000101 - 00000234         134   rel    0
ISTACK               IDATA         000000C0 - 000000FF          40   rel    0

                ****************************************
                *                                      *
                *        END OF CROSS REFERENCE        *
                *                                      *
                ****************************************

 3 314 bytes of CODE  memory
    18 bytes of DATA  memory (+ 53 absolute )
   564 bytes of XDATA memory
    64 bytes of IDATA memory
     8 bits  of BIT   memory

Errors: none
Warnings: none

